Load map
========

Module:  skyscrapers.obj
 Text segment:  2304 bytes, load point 0x00400000
 Data segment:  736 bytes, load point 0x10000000
 Symbols:
                           Name Section Mode    Value
               read_input_error   Text   R   0x00400590
                     load_hints   Text   R   0x00400674
                     west_hints   Data   R   0x10000161
                    north_hints   Data   R   0x10000101
            continue_check_loop   Text   R   0x004002e8
               size_fixed_error   Text   R   0x00400644
               size_input_error   Text   R   0x004006c4
                     read_board   Text   R   0x00400474
                     read_input   Text   R   0x004004cc
      done_print_number_exclude   Text   R   0x004008e8
         repeat_check_loop_done   Text   R   0x004003b4
                  get_next_east   Text   R   0x00400424
                  get_next_west   Text   R   0x00400400
                     impossible   Data   R   0x100001fa
                     load_fixed   Text   R   0x004005a8
                plus_char_break   Data   R   0x10000186
    generic_check_loop_done_col   Text   R   0x0040030c
                   print_y_hint   Text   R   0x00400834
                          board   Data   R   0x10000001
               board_space_back   Data   R   0x10000190
                  done_validate   Text   R   0x0040020c
           print_board_loop_col   Text   R   0x00400760
                read_input_loop   Text   R   0x00400698
            illegal_input_error   Data   R   0x1000023c
                     board_size   Data   R   0x10000000
               eval_loop_bottom   Text   R   0x0040014c
                       READ_INT          A   0x00000005
                    print_space   Text   R   0x004008dc
      print_board_loop_col_done   Text   R   0x00400784
                print_break_row   Text   R   0x004007d4
                 validate_board   Text   R   0x00400184
         generic_check_loop_col   Text   R   0x00400258
                load_fixed_done   Text   R   0x00400654
             print_x_hints_done   Text   R   0x004008ac
                      eval_loop   Text   R   0x0040010c
                   repeat_found   Text   R   0x004003b0
                     solve_fail   Text   R   0x00400084
           print_break_row_loop   Text   R   0x00400804
                   final_puzzle   Data   R   0x100001eb
              board_input_error   Data   R   0x1000020e
                    south_hints   Data   R   0x10000121
                       eval_end   Text   R   0x0040015c
                 read_input_end   Text   R   0x00400598
                   repeat_check   Text   R   0x0040033c
           eval_not_found_fixed   Text   R   0x00400108
                           logo   Data   R   0x1000019b
                   PRINT_STRING          A   0x00000004
                   print_string   Text   R   0x004008b8
                 eval_loop_done   Text   R   0x00400158
                    init_puzzle   Data   R   0x100001d9
                           eval   Text   R   0x004000a0
                           main   Text   R   0x00400000
                read_fixed_loop   Text   R   0x004005d0
                load_hints_done   Text   R   0x004006d4
       repeat_check_loop_bottom   Text   R   0x004003a8
                board_space_mid   Data   R   0x1000018c
  generic_check_loop_found_zero   Text   R   0x004002f8
       fixed_number_input_error   Data   R   0x1000026b
                  print_x_hints   Text   R   0x00400854
                      main_done   Text   R   0x00400090
                     east_hints   Data   R   0x10000141
    generic_check_loop_done_row   Text   R   0x004002f0
                 get_next_north   Text   R   0x004003e4
                    print_board   Text   R   0x004006f0
                        spacess   Data   R   0x10000196
            no_last_fixed_space   Text   R   0x004000ec
              repeat_check_loop   Text   R   0x00400380
           print_board_loop_row   Text   R   0x0040072c
                   print_number   Text   R   0x004008f4
                  new_line_char   Data   R   0x10000194
           print_number_exclude   Text   R   0x004008c4
                    write_board   Text   R   0x004004a0
              board_space_front   Data   R   0x10000189
            generic_check_board   Text   R   0x0040021c
                         spaces   Data   R   0x10000199
                 get_next_south   Text   R   0x00400450
                           EXIT          A   0x0000000a
                     check_fail   Text   R   0x00400304
                       pass_add   Text   R   0x004002e4
           board_row_break_part   Data   R   0x10000181
                 not_last_place   Text   R   0x0040012c
         generic_check_loop_row   Text   R   0x0040026c
                      PRINT_INT          A   0x00000001
               print_board_done   Text   R   0x0040079c
              fixed_input_error   Data   R   0x100002a5
             print_x_hints_loop   Text   R   0x0040087c
           print_break_row_done   Text   R   0x0040081c

Module:  r2k_startup.obj
 Text segment:  36 bytes, load point 0x00400900
 Symbols:
                           Name Section Mode    Value
                      SYS_EXIT2          A   0x00000011
                 __r2k__entry__   Text   RG  0x00400904
